// Jest Snapshot v1, https://goo.gl/fbAQLP

exports[`Prueba de <GifGridItem /> Debe de mostrar el componente correctamente 1`] = `
<div
  className="card animate__animated animate__fadeIn"
>
  <img
    alt="One punch"
    src="https://prueba.com"
  />
  <p>
     
    One punch
     
  </p>
</div>
`;
